C51 COMPILER V9.57.0.0   SIMPLE_LED_FLOW                                                   01/20/2024 18:29:40 PAGE 1   


C51 COMPILER V9.57.0.0, COMPILATION OF MODULE SIMPLE_LED_FLOW
OBJECT MODULE PLACED IN .\Objects\simple_LED_flow.obj
COMPILER INVOKED BY: D:\KeilC51\Keil C51 v957\Keil\C51\BIN\C51.EXE simple_LED_flow.c OPTIMIZE(8,SPEED) BROWSE DEBUG OBJE
                    -CTEXTEND PRINT(.\Listings\simple_LED_flow.lst) TABS(2) OBJECT(.\Objects\simple_LED_flow.obj)

line level    source

   1          #include <reg51.h>
   2          
   3          sbit LED1 = P2^0;
   4          sbit LED2 = P2^1;
   5          sbit LED3 = P2^2;
   6          sbit LED4 = P2^3;
   7          sbit LED5 = P2^4;
   8          sbit LED6 = P2^5;
   9          sbit LED7 = P2^6;
  10          sbit LED8 = P2^7;
  11          
  12          void delay(unsigned int a){
  13   1        unsigned char i;
  14   1        while(a--){
  15   2          for(i = 0; i < 255; i++);
  16   2        }
  17   1      }
  18          
  19          void main(void){
  20   1        P2 = 0xff;
  21   1        while(1){
  22   2          LED1 = 0; delay(200); LED1 = 1;
  23   2          LED2 = 0; delay(200); LED2 = 1;
  24   2          LED3 = 0; delay(200); LED3 = 1;
  25   2          LED4 = 0; delay(200); LED4 = 1;
  26   2          LED5 = 0; delay(200); LED5 = 1;
  27   2          LED6 = 0; delay(200); LED6 = 1;
  28   2          LED7 = 0; delay(200); LED7 = 1;
  29   2          LED8 = 0; delay(200); LED8 = 1;
  30   2        }
  31   1      
  32   1      }


MODULE INFORMATION:   STATIC OVERLAYABLE
   CODE SIZE        =     87    ----
   CONSTANT SIZE    =   ----    ----
   XDATA SIZE       =   ----    ----
   PDATA SIZE       =   ----    ----
   DATA SIZE        =   ----    ----
   IDATA SIZE       =   ----    ----
   BIT SIZE         =   ----    ----
END OF MODULE INFORMATION.


C51 COMPILATION COMPLETE.  0 WARNING(S),  0 ERROR(S)
